
   PASS  Tests\Unit\ExampleTest
  Ô£ô that true is true

   PASS  Tests\Feature\Admin\AdminAuthenticationTest
  Ô£ô admin login screÔÇª 0.35s  
  Ô£ô admin can authenÔÇª 0.06s  
  Ô£ô admin cannot autÔÇª 0.22s  
  Ô£ô admin can logout  0.02s  
  Ô£ô inactive admin iÔÇª 0.02s  

   PASS  Tests\Feature\Admin\WorkoutCardBuilderTest
  Ô£ô builder requiresÔÇª 0.03s  
  Ô£ô builder rendersÔÇª  1.23s  
  Ô£ô store from buildÔÇª 0.03s  
  Ô£ô store from buildÔÇª 0.02s  

   PASS  Tests\Feature\Auth\AuthenticationTest
  Ô£ô login screen canÔÇª 0.02s  
  Ô£ô users can authenÔÇª 0.02s  
  Ô£ô users can not auÔÇª 0.23s  
  Ô£ô users can logout  0.02s  

   PASS  Tests\Feature\Auth\PasswordConfirmationTest
  Ô£ô confirm passwordÔÇª 1.22s  
  Ô£ô password can beÔÇª  0.02s  
  Ô£ô password is notÔÇª  0.22s  

   PASS  Tests\Feature\Auth\PasswordResetTest
  Ô£ô reset password lÔÇª 1.50s  
  Ô£ô reset password lÔÇª 0.22s  
  Ô£ô reset password sÔÇª 2.92s  
  Ô£ô password can beÔÇª  0.24s  

   PASS  Tests\Feature\Auth\PasswordUpdateTest
  Ô£ô password can beÔÇª  0.02s  
  Ô£ô correct passwordÔÇª 0.02s  

   PASS  Tests\Feature\Auth\RegistrationTest
  Ô£ô registration scrÔÇª 0.02s  
  Ô£ô new users can reÔÇª 0.02s  

   PASS  Tests\Feature\Catalog\CartTest
  Ô£ô cart index is acÔÇª 0.19s  
  Ô£ô cart state initiÔÇª 0.02s  
  Ô£ô add course addsÔÇª  0.02s  
  Ô£ô add course jsonÔÇª  0.02s  
  Ô£ô remove item andÔÇª  0.03s  
  Ô£ô checkout redirecÔÇª 0.02s  
  Ô£ô checkout with emÔÇª 0.02s  

   PASS  Tests\Feature\Catalog\CourseTest
  Ô£ô catalog index isÔÇª 0.17s  
  Ô£ô show 404 for inaÔÇª 0.08s  
  Ô£ô purchase redirecÔÇª 0.02s  
  Ô£ô purchase with inÔÇª 0.02s  
  Ô£ô purchase with miÔÇª 0.02s  
  Ô£ô purchase with vaÔÇª 0.03s  

   PASS  Tests\Feature\ExampleTest
  Ô£ô the applicationÔÇª  0.02s  

   PASS  Tests\Feature\GiftCard\GiftCardPurchaseTest
  Ô£ô giftcards indexÔÇª  0.16s  
  Ô£ô giftcards show 4ÔÇª 0.02s  
  Ô£ô checkout redirecÔÇª 0.01s  
  Ô£ô checkout guest pÔÇª 0.02s  
  Ô£ô checkout authentÔÇª 0.02s  

   PASS  Tests\Feature\GiftCard\GiftCardRedeemTest
  Ô£ô redeem form pageÔÇª 0.20s  
  Ô£ô redeem requiresÔÇª  0.02s  
  Ô£ô redeem invalid cÔÇª 0.02s  
  Ô£ô redeem valid codÔÇª 0.02s  

   PASS  Tests\Feature\ProfileTest
  Ô£ô profile page isÔÇª  7.80s  
  Ô£ô profile informatÔÇª 0.02s  
  Ô£ô email verificatiÔÇª 0.02s  
  Ô£ô user can deleteÔÇª  0.02s  
  Ô£ô correct passwordÔÇª 0.02s  

   PASS  Tests\Feature\Static\ContactFormTest
  Ô£ô contact form valÔÇª 0.03s  
  Ô£ô contact form valÔÇª 0.02s  

   PASS  Tests\Feature\Static\StaticPagesTest
  Ô£ô home page is accÔÇª 0.02s  
  Ô£ô about page is acÔÇª 0.07s  
  Ô£ô contact page isÔÇª  0.27s  
  Ô£ô workout online pÔÇª 0.11s  
  Ô£ô workout in studiÔÇª 0.12s  
  Ô£ô privacy policy pÔÇª 0.09s  
  Ô£ô cookie policy paÔÇª 0.09s  

   PASS  Tests\Feature\Student\StudentAccessTest
  Ô£ô guest is redirecÔÇª 0.02s  
  Ô£ô guest is redirecÔÇª 0.02s  
  Ô£ô inactive studentÔÇª 0.02s  
  Ô£ô course show forbÔÇª 0.08s  
  Ô£ô course show ok wÔÇª 0.87s  
  Ô£ô lesson show 404ÔÇª  0.02s  
  Ô£ô lesson show ok wÔÇª 0.02s  

   PASS  Tests\Feature\Student\StudentProgressTest
  Ô£ô update progressÔÇª  0.02s  
  Ô£ô update progressÔÇª  0.03s  
  Ô£ô mark as completeÔÇª 0.02s  
  Ô£ô update progressÔÇª  0.02s  

   PASS  Tests\Feature\Student\StudentWorkoutTest
  Ô£ô workout forbiddeÔÇª 0.02s  
  Ô£ô workout not founÔÇª 0.02s  
  Ô£ô workout not founÔÇª 0.02s  
  Ô£ô workout ok withÔÇª  0.38s  

  Tests:    77 passed (232 assertions)
  Duration: 20.32s

